// Jest Snapshot v1, https://goo.gl/fbAQLP

exports[`Artist component renders Artist 1`] = `
<Link
  to="/artist/WASP/whatev"
>
  <section>
    <p>
      WASP
    </p>
    <p>
      Metal Band
    </p>
  </section>
</Link>
`;
