// Jest Snapshot v1, https://goo.gl/fbAQLP

exports[`App component renders App 1`] = `
<BrowserRouter>
  <Switch>
    <Route
      component={[Function]}
      path="/song/:artistName/:title"
    />
    <Route
      component={[Function]}
      path="/release/:artist/:release/:id"
    />
    <Route
      component={[Function]}
      path="/artist/:artistName/:id"
    />
    <Route
      component={[Function]}
      path="/"
    />
  </Switch>
</BrowserRouter>
`;
